// Jest Snapshot v1, https://goo.gl/fbAQLP

exports[`should render only results matching initial filter 1`] = `
<div>
  <h1>
    Hulk
  </h1>
  <p>
    Bruce Banner
  </p>
</div>
`;
